make[1]: Entering directory '<worktree>/examples/harness-loader'
LD_LIBRARY_PATH="<toolchain>/prefix/lib:${LD_LIBRARY_PATH}" \
	"<toolchain>/prefix/bin/tntk" -P "<toolchain>/ntk-platform-files" -c harness-loader.nprj
Reading project file harness-loader.nprj
Reading platform file Newton 2.1
Parts: 1
Building package -Loader1:jbfly
Building part 0
Reading platform file <toolchain>/ntk-platform-files/Newton 2.1
Compiling Main.newt
Encoding Part 0 dfc5651...
{
	app: '|-Loader1:jbfly|,
	text: "Loader",
	theForm: {
		_proto: @180,
		viewJustify: 240,
		viewBounds: {
			left: 16,
			top: 72,
			right: -16,
			bottom: -72
		},
		title: "Loader 1.0",
		appSymbol: '|-Loader1:jbfly|,
		defaultKeyboard: 'alphaKeyboard,
		endpointClass: {
			_proto: @383,
			ExceptionHandler: <function, 1 arg(s) #0e022de1>
		},
		serverPort: 18081,
		endpoint: NIL,
		linkID: NIL, ...

	}
}
Package harness-loader.pkg created.
make[1]: Leaving directory '<worktree>/examples/harness-loader'
make[1]: Entering directory '<worktree>/examples/harness-client'
LD_LIBRARY_PATH="<toolchain>/prefix/lib:${LD_LIBRARY_PATH}" \
	"<toolchain>/prefix/bin/tntk" -P "<toolchain>/ntk-platform-files" -c egg-freckles.nprj
Reading project file egg-freckles.nprj
Reading platform file Newton 2.1
Parts: 1
Building package EggFrecklesEF22Probe:jbfly
Building part 0
Reading platform file <toolchain>/ntk-platform-files/Newton 2.1
Compiling Main.newt
Encoding Part 0 798be9a1...
{
	app: '|EggFrecklesEF22Probe:jbfly|,
	text: "Egg Freckles 22 Probe",
	icon: {
		bits: <Binary, class "bits", length 72>,
		bounds: {
			top: 0,
			left: 0,
			bottom: 14,
			right: 20
		}
	},
	theForm: {
		_proto: @157,
		viewBounds: {
			left: 0,
			top: 0,
			right: 320,
			bottom: 480
		},
		title: "Egg Freckles 22 Probe",
		appSymbol: '|EggFrecklesEF22Probe:jbfly|,
		endpointClass: {
			_proto: @383
		},
		endpoint: NIL,
		linkID: NIL,
		capBytes: 6144,
		rowChars: 38,
		visibleRows: 12, ...

	},
	installScript: '<function, 1 arg(s) #79a2dc81>,
	RemoveScript: <function, 1 arg(s) #79933761>
}
Package egg-freckles.pkg created.
make[1]: Leaving directory '<worktree>/examples/harness-client'
