make: Entering directory '<worktree>/examples/harness-client'
rm -f egg-freckles.pkg
make: Leaving directory '<worktree>/examples/harness-client'
make: Entering directory '<worktree>/examples/harness-client'
LD_LIBRARY_PATH="<toolchain>/prefix/lib:${LD_LIBRARY_PATH}" \
	"<toolchain>/prefix/bin/tntk" -P "<toolchain>/ntk-platform-files" -c egg-freckles.nprj
Reading project file egg-freckles.nprj
Reading platform file Newton 2.1
Parts: 1
Building package EggFrecklesEF22:jbfly
Building part 0
Reading platform file <toolchain>/ntk-platform-files/Newton 2.1
Compiling Main.newt
Encoding Part 0 76e7f741...
{
	app: '|EggFrecklesEF22:jbfly|,
	text: "Egg Freckles 22",
	icon: {
		bits: <Binary, class "bits", length 72>,
		bounds: {
			top: 0,
			left: 0,
			bottom: 14,
			right: 20
		}
	},
	theForm: {
		_proto: @157,
		viewBounds: {
			left: 0,
			top: 0,
			right: 320,
			bottom: 480
		},
		title: "Egg Freckles 22",
		appSymbol: '|EggFrecklesEF22:jbfly|,
		endpointClass: {
			_proto: @383
		},
		endpoint: NIL,
		linkID: NIL,
		capBytes: 6144,
		rowChars: 38,
		visibleRows: 12, ...

	},
	installScript: '<function, 1 arg(s) #76f7d231>,
	RemoveScript: <function, 1 arg(s) #76e8c0b1>
}
Package egg-freckles.pkg created.
make: Leaving directory '<worktree>/examples/harness-client'
