2026-08-08T01:31:20+01:00
ROM:
/home/jbfly/newton-dev/prefix/bin/717006 8388608 bytes
UP:
cc41b1c9fc4cb5740cd7b555171fa1913e47c1cdd4340a5b310445f41bd422b5
3e5a3c8edf7361cff39263835b6127da99ce7d7afd3d950eaf2ef4c7733307f5
newton-harness-devloop-root1_emulator_1
instance   devloop-root1
container  newton-harness-devloop-root1_emulator_1
control    http://127.0.0.1:
novnc      http://127.0.0.1:/vnc.html?autoconnect=1
2026-08-08T01:31:22+01:00 poll=1 stopped starting 3
2026-08-08T01:31:27+01:00 poll=2 stopped starting 19
2026-08-08T01:31:33+01:00 poll=3 stopped starting 35
2026-08-08T01:31:38+01:00 poll=4 stopped starting 50
2026-08-08T01:31:43+01:00 poll=5 stopped starting 66
2026-08-08T01:31:48+01:00 poll=6 stopped starting 82
2026-08-08T01:31:54+01:00 poll=7 stopped starting 97
2026-08-08T01:31:59+01:00 poll=8 stopped starting 113
2026-08-08T01:32:04+01:00 poll=9 stopped starting 128
2026-08-08T01:32:09+01:00 poll=10 stopped starting 143
2026-08-08T01:32:14+01:00 poll=11 stopped starting 158
2026-08-08T01:32:19+01:00 poll=12 stopped starting 173
2026-08-08T01:32:24+01:00 poll=13 stopped starting 188
2026-08-08T01:32:30+01:00 poll=14 stopped starting 203
2026-08-08T01:32:35+01:00 poll=15 stopped starting 218
2026-08-08T01:32:40+01:00 poll=16 stopped starting 233
2026-08-08T01:32:45+01:00 poll=17 stopped starting 248
2026-08-08T01:32:50+01:00 poll=18 stopped starting 263
2026-08-08T01:32:56+01:00 poll=19 stopped starting 278
2026-08-08T01:33:01+01:00 poll=20 stopped starting 293
2026-08-08T01:33:06+01:00 poll=21 stopped starting 308
2026-08-08T01:33:11+01:00 poll=22 stopped starting 323
2026-08-08T01:33:16+01:00 poll=23 stopped starting 339
2026-08-08T01:33:22+01:00 poll=24 stopped starting 354
2026-08-08T01:33:27+01:00 poll=25 stopped starting 369
2026-08-08T01:33:32+01:00 poll=26 stopped starting 384
2026-08-08T01:33:37+01:00 poll=27 stopped starting 399
2026-08-08T01:33:42+01:00 poll=28 stopped starting 414
2026-08-08T01:33:47+01:00 poll=29 stopped starting 429
2026-08-08T01:33:52+01:00 poll=30 stopped starting 444
2026-08-08T01:33:58+01:00 poll=31 stopped starting 459
2026-08-08T01:34:03+01:00 poll=32 stopped starting 474
2026-08-08T01:34:08+01:00 poll=33 stopped starting 489
2026-08-08T01:34:13+01:00 poll=34 stopped starting 504
2026-08-08T01:34:18+01:00 poll=35 stopped starting 519
2026-08-08T01:34:23+01:00 poll=36 stopped starting 534
INSPECT:
status=stopped health=starting restarts=549 exit=64 oom=false error=
LOGS:
2026-08-08T01:32:46.842870000+01:00 Missing Newton ROM: mount your 717006 dump at /rom/717006
2026-08-08T01:32:47.184233000+01:00 Missing Newton ROM: mount your 717006 dump at /rom/717006
2026-08-08T01:32:47.509056000+01:00 Missing Newton ROM: mount your 717006 dump at /rom/717006
2026-08-08T01:32:47.844885000+01:00 Missing Newton ROM: mount your 717006 dump at /rom/717006
2026-08-08T01:32:48.190479000+01:00 Missing Newton ROM: mount your 717006 dump at /rom/717006
2026-08-08T01:32:48.540701000+01:00 Missing Newton ROM: mount your 717006 dump at /rom/717006
2026-08-08T01:32:48.856869000+01:00 Missing Newton ROM: mount your 717006 dump at /rom/717006
2026-08-08T01:32:49.230146000+01:00 Missing Newton ROM: mount your 717006 dump at /rom/717006
2026-08-08T01:32:49.580784000+01:00 Missing Newton ROM: mount your 717006 dump at /rom/717006
2026-08-08T01:32:49.937122000+01:00 Missing Newton ROM: mount your 717006 dump at /rom/717006
2026-08-08T01:32:50.311101000+01:00 Missing Newton ROM: mount your 717006 dump at /rom/717006
2026-08-08T01:32:50.656252000+01:00 Missing Newton ROM: mount your 717006 dump at /rom/717006
2026-08-08T01:32:51.000327000+01:00 Missing Newton ROM: mount your 717006 dump at /rom/717006
2026-08-08T01:32:51.373106000+01:00 Missing Newton ROM: mount your 717006 dump at /rom/717006
2026-08-08T01:32:51.727762000+01:00 Missing Newton ROM: mount your 717006 dump at /rom/717006
2026-08-08T01:32:52.070892000+01:00 Missing Newton ROM: mount your 717006 dump at /rom/717006
2026-08-08T01:32:52.409697000+01:00 Missing Newton ROM: mount your 717006 dump at /rom/717006
2026-08-08T01:32:52.782705000+01:00 Missing Newton ROM: mount your 717006 dump at /rom/717006
2026-08-08T01:32:53.157055000+01:00 Missing Newton ROM: mount your 717006 dump at /rom/717006
2026-08-08T01:32:53.502996000+01:00 Missing Newton ROM: mount your 717006 dump at /rom/717006
2026-08-08T01:32:53.816451000+01:00 Missing Newton ROM: mount your 717006 dump at /rom/717006
2026-08-08T01:32:54.142763000+01:00 Missing Newton ROM: mount your 717006 dump at /rom/717006
2026-08-08T01:32:54.485530000+01:00 Missing Newton ROM: mount your 717006 dump at /rom/717006
2026-08-08T01:32:54.815004000+01:00 Missing Newton ROM: mount your 717006 dump at /rom/717006
2026-08-08T01:32:55.153861000+01:00 Missing Newton ROM: mount your 717006 dump at /rom/717006
2026-08-08T01:32:55.506712000+01:00 Missing Newton ROM: mount your 717006 dump at /rom/717006
2026-08-08T01:32:55.828705000+01:00 Missing Newton ROM: mount your 717006 dump at /rom/717006
2026-08-08T01:32:56.162051000+01:00 Missing Newton ROM: mount your 717006 dump at /rom/717006
2026-08-08T01:32:56.515874000+01:00 Missing Newton ROM: mount your 717006 dump at /rom/717006
2026-08-08T01:32:56.860804000+01:00 Missing Newton ROM: mount your 717006 dump at /rom/717006
2026-08-08T01:32:57.189739000+01:00 Missing Newton ROM: mount your 717006 dump at /rom/717006
2026-08-08T01:32:57.560089000+01:00 Missing Newton ROM: mount your 717006 dump at /rom/717006
2026-08-08T01:32:57.892417000+01:00 Missing Newton ROM: mount your 717006 dump at /rom/717006
2026-08-08T01:32:58.232440000+01:00 Missing Newton ROM: mount your 717006 dump at /rom/717006
2026-08-08T01:32:58.579527000+01:00 Missing Newton ROM: mount your 717006 dump at /rom/717006
2026-08-08T01:32:58.919509000+01:00 Missing Newton ROM: mount your 717006 dump at /rom/717006
2026-08-08T01:32:59.248787000+01:00 Missing Newton ROM: mount your 717006 dump at /rom/717006
2026-08-08T01:32:59.580894000+01:00 Missing Newton ROM: mount your 717006 dump at /rom/717006
2026-08-08T01:32:59.914390000+01:00 Missing Newton ROM: mount your 717006 dump at /rom/717006
2026-08-08T01:33:00.260822000+01:00 Missing Newton ROM: mount your 717006 dump at /rom/717006
2026-08-08T01:33:00.627058000+01:00 Missing Newton ROM: mount your 717006 dump at /rom/717006
2026-08-08T01:33:00.966457000+01:00 Missing Newton ROM: mount your 717006 dump at /rom/717006
2026-08-08T01:33:01.310416000+01:00 Missing Newton ROM: mount your 717006 dump at /rom/717006
2026-08-08T01:33:01.668771000+01:00 Missing Newton ROM: mount your 717006 dump at /rom/717006
2026-08-08T01:33:02.022271000+01:00 Missing Newton ROM: mount your 717006 dump at /rom/717006
2026-08-08T01:33:02.383667000+01:00 Missing Newton ROM: mount your 717006 dump at /rom/717006
2026-08-08T01:33:02.731808000+01:00 Missing Newton ROM: mount your 717006 dump at /rom/717006
2026-08-08T01:33:03.084709000+01:00 Missing Newton ROM: mount your 717006 dump at /rom/717006
2026-08-08T01:33:03.415738000+01:00 Missing Newton ROM: mount your 717006 dump at /rom/717006
2026-08-08T01:33:03.752704000+01:00 Missing Newton ROM: mount your 717006 dump at /rom/717006
2026-08-08T01:33:04.096176000+01:00 Missing Newton ROM: mount your 717006 dump at /rom/717006
2026-08-08T01:33:04.448242000+01:00 Missing Newton ROM: mount your 717006 dump at /rom/717006
2026-08-08T01:33:04.773551000+01:00 Missing Newton ROM: mount your 717006 dump at /rom/717006
2026-08-08T01:33:05.122850000+01:00 Missing Newton ROM: mount your 717006 dump at /rom/717006
2026-08-08T01:33:05.456776000+01:00 Missing Newton ROM: mount your 717006 dump at /rom/717006
2026-08-08T01:33:05.812269000+01:00 Missing Newton ROM: mount your 717006 dump at /rom/717006
2026-08-08T01:33:06.164724000+01:00 Missing Newton ROM: mount your 717006 dump at /rom/717006
2026-08-08T01:33:06.484698000+01:00 Missing Newton ROM: mount your 717006 dump at /rom/717006
2026-08-08T01:33:06.799778000+01:00 Missing Newton ROM: mount your 717006 dump at /rom/717006
2026-08-08T01:33:07.146381000+01:00 Missing Newton ROM: mount your 717006 dump at /rom/717006
2026-08-08T01:33:07.484639000+01:00 Missing Newton ROM: mount your 717006 dump at /rom/717006
2026-08-08T01:33:07.825839000+01:00 Missing Newton ROM: mount your 717006 dump at /rom/717006
2026-08-08T01:33:08.172077000+01:00 Missing Newton ROM: mount your 717006 dump at /rom/717006
2026-08-08T01:33:08.517465000+01:00 Missing Newton ROM: mount your 717006 dump at /rom/717006
2026-08-08T01:33:08.880551000+01:00 Missing Newton ROM: mount your 717006 dump at /rom/717006
2026-08-08T01:33:09.235082000+01:00 Missing Newton ROM: mount your 717006 dump at /rom/717006
2026-08-08T01:33:09.563833000+01:00 Missing Newton ROM: mount your 717006 dump at /rom/717006
2026-08-08T01:33:09.907670000+01:00 Missing Newton ROM: mount your 717006 dump at /rom/717006
2026-08-08T01:33:10.285298000+01:00 Missing Newton ROM: mount your 717006 dump at /rom/717006
2026-08-08T01:33:10.634784000+01:00 Missing Newton ROM: mount your 717006 dump at /rom/717006
2026-08-08T01:33:10.984966000+01:00 Missing Newton ROM: mount your 717006 dump at /rom/717006
2026-08-08T01:33:11.336900000+01:00 Missing Newton ROM: mount your 717006 dump at /rom/717006
2026-08-08T01:33:11.686507000+01:00 Missing Newton ROM: mount your 717006 dump at /rom/717006
2026-08-08T01:33:12.006175000+01:00 Missing Newton ROM: mount your 717006 dump at /rom/717006
2026-08-08T01:33:12.362923000+01:00 Missing Newton ROM: mount your 717006 dump at /rom/717006
2026-08-08T01:33:12.706743000+01:00 Missing Newton ROM: mount your 717006 dump at /rom/717006
2026-08-08T01:33:13.037958000+01:00 Missing Newton ROM: mount your 717006 dump at /rom/717006
2026-08-08T01:33:13.378930000+01:00 Missing Newton ROM: mount your 717006 dump at /rom/717006
2026-08-08T01:33:13.697520000+01:00 Missing Newton ROM: mount your 717006 dump at /rom/717006
2026-08-08T01:33:14.037818000+01:00 Missing Newton ROM: mount your 717006 dump at /rom/717006
2026-08-08T01:33:14.370735000+01:00 Missing Newton ROM: mount your 717006 dump at /rom/717006
2026-08-08T01:33:14.723642000+01:00 Missing Newton ROM: mount your 717006 dump at /rom/717006
2026-08-08T01:33:15.064206000+01:00 Missing Newton ROM: mount your 717006 dump at /rom/717006
2026-08-08T01:33:15.401087000+01:00 Missing Newton ROM: mount your 717006 dump at /rom/717006
2026-08-08T01:33:15.737813000+01:00 Missing Newton ROM: mount your 717006 dump at /rom/717006
2026-08-08T01:33:16.067632000+01:00 Missing Newton ROM: mount your 717006 dump at /rom/717006
2026-08-08T01:33:16.402155000+01:00 Missing Newton ROM: mount your 717006 dump at /rom/717006
2026-08-08T01:33:16.712268000+01:00 Missing Newton ROM: mount your 717006 dump at /rom/717006
2026-08-08T01:33:17.043839000+01:00 Missing Newton ROM: mount your 717006 dump at /rom/717006
2026-08-08T01:33:17.407039000+01:00 Missing Newton ROM: mount your 717006 dump at /rom/717006
2026-08-08T01:33:17.749678000+01:00 Missing Newton ROM: mount your 717006 dump at /rom/717006
2026-08-08T01:33:18.081011000+01:00 Missing Newton ROM: mount your 717006 dump at /rom/717006
2026-08-08T01:33:18.434046000+01:00 Missing Newton ROM: mount your 717006 dump at /rom/717006
2026-08-08T01:33:18.778179000+01:00 Missing Newton ROM: mount your 717006 dump at /rom/717006
2026-08-08T01:33:19.097381000+01:00 Missing Newton ROM: mount your 717006 dump at /rom/717006
2026-08-08T01:33:19.454006000+01:00 Missing Newton ROM: mount your 717006 dump at /rom/717006
2026-08-08T01:33:19.808850000+01:00 Missing Newton ROM: mount your 717006 dump at /rom/717006
2026-08-08T01:33:20.127447000+01:00 Missing Newton ROM: mount your 717006 dump at /rom/717006
2026-08-08T01:33:20.474914000+01:00 Missing Newton ROM: mount your 717006 dump at /rom/717006
2026-08-08T01:33:20.819826000+01:00 Missing Newton ROM: mount your 717006 dump at /rom/717006
2026-08-08T01:33:21.184871000+01:00 Missing Newton ROM: mount your 717006 dump at /rom/717006
2026-08-08T01:33:21.521707000+01:00 Missing Newton ROM: mount your 717006 dump at /rom/717006
2026-08-08T01:33:21.872577000+01:00 Missing Newton ROM: mount your 717006 dump at /rom/717006
2026-08-08T01:33:22.208822000+01:00 Missing Newton ROM: mount your 717006 dump at /rom/717006
2026-08-08T01:33:22.540504000+01:00 Missing Newton ROM: mount your 717006 dump at /rom/717006
2026-08-08T01:33:22.875453000+01:00 Missing Newton ROM: mount your 717006 dump at /rom/717006
2026-08-08T01:33:23.219397000+01:00 Missing Newton ROM: mount your 717006 dump at /rom/717006
2026-08-08T01:33:23.555348000+01:00 Missing Newton ROM: mount your 717006 dump at /rom/717006
2026-08-08T01:33:23.878200000+01:00 Missing Newton ROM: mount your 717006 dump at /rom/717006
2026-08-08T01:33:24.216945000+01:00 Missing Newton ROM: mount your 717006 dump at /rom/717006
2026-08-08T01:33:24.556714000+01:00 Missing Newton ROM: mount your 717006 dump at /rom/717006
2026-08-08T01:33:24.914662000+01:00 Missing Newton ROM: mount your 717006 dump at /rom/717006
2026-08-08T01:33:25.247057000+01:00 Missing Newton ROM: mount your 717006 dump at /rom/717006
2026-08-08T01:33:25.601181000+01:00 Missing Newton ROM: mount your 717006 dump at /rom/717006
2026-08-08T01:33:25.961963000+01:00 Missing Newton ROM: mount your 717006 dump at /rom/717006
2026-08-08T01:33:26.312766000+01:00 Missing Newton ROM: mount your 717006 dump at /rom/717006
2026-08-08T01:33:26.656492000+01:00 Missing Newton ROM: mount your 717006 dump at /rom/717006
2026-08-08T01:33:26.995690000+01:00 Missing Newton ROM: mount your 717006 dump at /rom/717006
2026-08-08T01:33:27.334407000+01:00 Missing Newton ROM: mount your 717006 dump at /rom/717006
2026-08-08T01:33:27.651627000+01:00 Missing Newton ROM: mount your 717006 dump at /rom/717006
2026-08-08T01:33:27.995843000+01:00 Missing Newton ROM: mount your 717006 dump at /rom/717006
2026-08-08T01:33:28.352771000+01:00 Missing Newton ROM: mount your 717006 dump at /rom/717006
2026-08-08T01:33:28.764380000+01:00 Missing Newton ROM: mount your 717006 dump at /rom/717006
2026-08-08T01:33:29.113370000+01:00 Missing Newton ROM: mount your 717006 dump at /rom/717006
2026-08-08T01:33:29.460590000+01:00 Missing Newton ROM: mount your 717006 dump at /rom/717006
2026-08-08T01:33:29.819173000+01:00 Missing Newton ROM: mount your 717006 dump at /rom/717006
2026-08-08T01:33:30.172005000+01:00 Missing Newton ROM: mount your 717006 dump at /rom/717006
2026-08-08T01:33:30.507614000+01:00 Missing Newton ROM: mount your 717006 dump at /rom/717006
2026-08-08T01:33:30.849455000+01:00 Missing Newton ROM: mount your 717006 dump at /rom/717006
2026-08-08T01:33:31.193675000+01:00 Missing Newton ROM: mount your 717006 dump at /rom/717006
2026-08-08T01:33:31.525600000+01:00 Missing Newton ROM: mount your 717006 dump at /rom/717006
2026-08-08T01:33:31.869193000+01:00 Missing Newton ROM: mount your 717006 dump at /rom/717006
2026-08-08T01:33:32.271692000+01:00 Missing Newton ROM: mount your 717006 dump at /rom/717006
2026-08-08T01:33:32.605005000+01:00 Missing Newton ROM: mount your 717006 dump at /rom/717006
2026-08-08T01:33:32.950330000+01:00 Missing Newton ROM: mount your 717006 dump at /rom/717006
2026-08-08T01:33:33.278720000+01:00 Missing Newton ROM: mount your 717006 dump at /rom/717006
2026-08-08T01:33:33.596811000+01:00 Missing Newton ROM: mount your 717006 dump at /rom/717006
2026-08-08T01:33:33.929558000+01:00 Missing Newton ROM: mount your 717006 dump at /rom/717006
2026-08-08T01:33:34.255906000+01:00 Missing Newton ROM: mount your 717006 dump at /rom/717006
2026-08-08T01:33:34.603705000+01:00 Missing Newton ROM: mount your 717006 dump at /rom/717006
2026-08-08T01:33:34.938379000+01:00 Missing Newton ROM: mount your 717006 dump at /rom/717006
2026-08-08T01:33:35.266478000+01:00 Missing Newton ROM: mount your 717006 dump at /rom/717006
2026-08-08T01:33:35.590825000+01:00 Missing Newton ROM: mount your 717006 dump at /rom/717006
2026-08-08T01:33:35.925388000+01:00 Missing Newton ROM: mount your 717006 dump at /rom/717006
2026-08-08T01:33:36.273727000+01:00 Missing Newton ROM: mount your 717006 dump at /rom/717006
2026-08-08T01:33:36.622941000+01:00 Missing Newton ROM: mount your 717006 dump at /rom/717006
2026-08-08T01:33:36.981952000+01:00 Missing Newton ROM: mount your 717006 dump at /rom/717006
2026-08-08T01:33:37.318000000+01:00 Missing Newton ROM: mount your 717006 dump at /rom/717006
2026-08-08T01:33:37.661360000+01:00 Missing Newton ROM: mount your 717006 dump at /rom/717006
2026-08-08T01:33:37.999018000+01:00 Missing Newton ROM: mount your 717006 dump at /rom/717006
2026-08-08T01:33:38.339492000+01:00 Missing Newton ROM: mount your 717006 dump at /rom/717006
2026-08-08T01:33:38.668117000+01:00 Missing Newton ROM: mount your 717006 dump at /rom/717006
2026-08-08T01:33:39.013223000+01:00 Missing Newton ROM: mount your 717006 dump at /rom/717006
2026-08-08T01:33:39.343474000+01:00 Missing Newton ROM: mount your 717006 dump at /rom/717006
2026-08-08T01:33:39.680076000+01:00 Missing Newton ROM: mount your 717006 dump at /rom/717006
2026-08-08T01:33:40.032532000+01:00 Missing Newton ROM: mount your 717006 dump at /rom/717006
2026-08-08T01:33:40.356773000+01:00 Missing Newton ROM: mount your 717006 dump at /rom/717006
2026-08-08T01:33:40.708470000+01:00 Missing Newton ROM: mount your 717006 dump at /rom/717006
2026-08-08T01:33:41.040960000+01:00 Missing Newton ROM: mount your 717006 dump at /rom/717006
2026-08-08T01:33:41.376867000+01:00 Missing Newton ROM: mount your 717006 dump at /rom/717006
2026-08-08T01:33:41.701562000+01:00 Missing Newton ROM: mount your 717006 dump at /rom/717006
2026-08-08T01:33:42.036593000+01:00 Missing Newton ROM: mount your 717006 dump at /rom/717006
2026-08-08T01:33:42.391773000+01:00 Missing Newton ROM: mount your 717006 dump at /rom/717006
2026-08-08T01:33:42.728126000+01:00 Missing Newton ROM: mount your 717006 dump at /rom/717006
2026-08-08T01:33:43.070481000+01:00 Missing Newton ROM: mount your 717006 dump at /rom/717006
2026-08-08T01:33:43.410488000+01:00 Missing Newton ROM: mount your 717006 dump at /rom/717006
2026-08-08T01:33:43.738311000+01:00 Missing Newton ROM: mount your 717006 dump at /rom/717006
2026-08-08T01:33:44.081798000+01:00 Missing Newton ROM: mount your 717006 dump at /rom/717006
2026-08-08T01:33:44.412447000+01:00 Missing Newton ROM: mount your 717006 dump at /rom/717006
2026-08-08T01:33:44.764842000+01:00 Missing Newton ROM: mount your 717006 dump at /rom/717006
2026-08-08T01:33:45.101827000+01:00 Missing Newton ROM: mount your 717006 dump at /rom/717006
2026-08-08T01:33:45.437533000+01:00 Missing Newton ROM: mount your 717006 dump at /rom/717006
2026-08-08T01:33:45.776775000+01:00 Missing Newton ROM: mount your 717006 dump at /rom/717006
2026-08-08T01:33:46.117125000+01:00 Missing Newton ROM: mount your 717006 dump at /rom/717006
2026-08-08T01:33:46.445579000+01:00 Missing Newton ROM: mount your 717006 dump at /rom/717006
2026-08-08T01:33:46.777899000+01:00 Missing Newton ROM: mount your 717006 dump at /rom/717006
2026-08-08T01:33:47.127401000+01:00 Missing Newton ROM: mount your 717006 dump at /rom/717006
2026-08-08T01:33:47.435784000+01:00 Missing Newton ROM: mount your 717006 dump at /rom/717006
2026-08-08T01:33:47.767577000+01:00 Missing Newton ROM: mount your 717006 dump at /rom/717006
2026-08-08T01:33:48.126469000+01:00 Missing Newton ROM: mount your 717006 dump at /rom/717006
2026-08-08T01:33:48.448657000+01:00 Missing Newton ROM: mount your 717006 dump at /rom/717006
2026-08-08T01:33:48.812629000+01:00 Missing Newton ROM: mount your 717006 dump at /rom/717006
2026-08-08T01:33:49.161541000+01:00 Missing Newton ROM: mount your 717006 dump at /rom/717006
2026-08-08T01:33:49.516471000+01:00 Missing Newton ROM: mount your 717006 dump at /rom/717006
2026-08-08T01:33:49.860893000+01:00 Missing Newton ROM: mount your 717006 dump at /rom/717006
2026-08-08T01:33:50.226144000+01:00 Missing Newton ROM: mount your 717006 dump at /rom/717006
2026-08-08T01:33:50.573274000+01:00 Missing Newton ROM: mount your 717006 dump at /rom/717006
2026-08-08T01:33:50.923700000+01:00 Missing Newton ROM: mount your 717006 dump at /rom/717006
2026-08-08T01:33:51.293923000+01:00 Missing Newton ROM: mount your 717006 dump at /rom/717006
2026-08-08T01:33:51.624281000+01:00 Missing Newton ROM: mount your 717006 dump at /rom/717006
2026-08-08T01:33:51.976904000+01:00 Missing Newton ROM: mount your 717006 dump at /rom/717006
2026-08-08T01:33:52.340289000+01:00 Missing Newton ROM: mount your 717006 dump at /rom/717006
2026-08-08T01:33:52.697890000+01:00 Missing Newton ROM: mount your 717006 dump at /rom/717006
2026-08-08T01:33:53.034619000+01:00 Missing Newton ROM: mount your 717006 dump at /rom/717006
2026-08-08T01:33:53.373614000+01:00 Missing Newton ROM: mount your 717006 dump at /rom/717006
2026-08-08T01:33:53.724852000+01:00 Missing Newton ROM: mount your 717006 dump at /rom/717006
2026-08-08T01:33:54.080294000+01:00 Missing Newton ROM: mount your 717006 dump at /rom/717006
2026-08-08T01:33:54.422279000+01:00 Missing Newton ROM: mount your 717006 dump at /rom/717006
2026-08-08T01:33:54.740340000+01:00 Missing Newton ROM: mount your 717006 dump at /rom/717006
2026-08-08T01:33:55.090207000+01:00 Missing Newton ROM: mount your 717006 dump at /rom/717006
2026-08-08T01:33:55.421638000+01:00 Missing Newton ROM: mount your 717006 dump at /rom/717006
2026-08-08T01:33:55.765383000+01:00 Missing Newton ROM: mount your 717006 dump at /rom/717006
2026-08-08T01:33:56.126749000+01:00 Missing Newton ROM: mount your 717006 dump at /rom/717006
2026-08-08T01:33:56.455254000+01:00 Missing Newton ROM: mount your 717006 dump at /rom/717006
2026-08-08T01:33:56.811831000+01:00 Missing Newton ROM: mount your 717006 dump at /rom/717006
2026-08-08T01:33:57.128029000+01:00 Missing Newton ROM: mount your 717006 dump at /rom/717006
2026-08-08T01:33:57.448006000+01:00 Missing Newton ROM: mount your 717006 dump at /rom/717006
2026-08-08T01:33:57.781653000+01:00 Missing Newton ROM: mount your 717006 dump at /rom/717006
2026-08-08T01:33:58.108412000+01:00 Missing Newton ROM: mount your 717006 dump at /rom/717006
2026-08-08T01:33:58.425361000+01:00 Missing Newton ROM: mount your 717006 dump at /rom/717006
2026-08-08T01:33:58.768465000+01:00 Missing Newton ROM: mount your 717006 dump at /rom/717006
2026-08-08T01:33:59.094624000+01:00 Missing Newton ROM: mount your 717006 dump at /rom/717006
2026-08-08T01:33:59.434722000+01:00 Missing Newton ROM: mount your 717006 dump at /rom/717006
2026-08-08T01:33:59.765277000+01:00 Missing Newton ROM: mount your 717006 dump at /rom/717006
2026-08-08T01:34:00.117526000+01:00 Missing Newton ROM: mount your 717006 dump at /rom/717006
2026-08-08T01:34:00.506830000+01:00 Missing Newton ROM: mount your 717006 dump at /rom/717006
2026-08-08T01:34:00.846618000+01:00 Missing Newton ROM: mount your 717006 dump at /rom/717006
2026-08-08T01:34:01.177387000+01:00 Missing Newton ROM: mount your 717006 dump at /rom/717006
2026-08-08T01:34:01.527860000+01:00 Missing Newton ROM: mount your 717006 dump at /rom/717006
2026-08-08T01:34:01.873811000+01:00 Missing Newton ROM: mount your 717006 dump at /rom/717006
2026-08-08T01:34:02.214444000+01:00 Missing Newton ROM: mount your 717006 dump at /rom/717006
2026-08-08T01:34:02.556774000+01:00 Missing Newton ROM: mount your 717006 dump at /rom/717006
2026-08-08T01:34:02.956457000+01:00 Missing Newton ROM: mount your 717006 dump at /rom/717006
2026-08-08T01:34:03.290671000+01:00 Missing Newton ROM: mount your 717006 dump at /rom/717006
2026-08-08T01:34:03.659646000+01:00 Missing Newton ROM: mount your 717006 dump at /rom/717006
2026-08-08T01:34:03.997717000+01:00 Missing Newton ROM: mount your 717006 dump at /rom/717006
2026-08-08T01:34:04.341705000+01:00 Missing Newton ROM: mount your 717006 dump at /rom/717006
2026-08-08T01:34:04.699585000+01:00 Missing Newton ROM: mount your 717006 dump at /rom/717006
2026-08-08T01:34:05.032324000+01:00 Missing Newton ROM: mount your 717006 dump at /rom/717006
2026-08-08T01:34:05.373764000+01:00 Missing Newton ROM: mount your 717006 dump at /rom/717006
2026-08-08T01:34:05.721863000+01:00 Missing Newton ROM: mount your 717006 dump at /rom/717006
2026-08-08T01:34:06.097147000+01:00 Missing Newton ROM: mount your 717006 dump at /rom/717006
2026-08-08T01:34:06.430674000+01:00 Missing Newton ROM: mount your 717006 dump at /rom/717006
2026-08-08T01:34:06.765281000+01:00 Missing Newton ROM: mount your 717006 dump at /rom/717006
2026-08-08T01:34:07.103784000+01:00 Missing Newton ROM: mount your 717006 dump at /rom/717006
2026-08-08T01:34:07.454958000+01:00 Missing Newton ROM: mount your 717006 dump at /rom/717006
2026-08-08T01:34:07.789775000+01:00 Missing Newton ROM: mount your 717006 dump at /rom/717006
2026-08-08T01:34:08.109085000+01:00 Missing Newton ROM: mount your 717006 dump at /rom/717006
2026-08-08T01:34:08.458441000+01:00 Missing Newton ROM: mount your 717006 dump at /rom/717006
2026-08-08T01:34:08.806058000+01:00 Missing Newton ROM: mount your 717006 dump at /rom/717006
2026-08-08T01:34:09.157427000+01:00 Missing Newton ROM: mount your 717006 dump at /rom/717006
2026-08-08T01:34:09.534068000+01:00 Missing Newton ROM: mount your 717006 dump at /rom/717006
2026-08-08T01:34:09.879607000+01:00 Missing Newton ROM: mount your 717006 dump at /rom/717006
2026-08-08T01:34:10.238050000+01:00 Missing Newton ROM: mount your 717006 dump at /rom/717006
2026-08-08T01:34:10.591640000+01:00 Missing Newton ROM: mount your 717006 dump at /rom/717006
2026-08-08T01:34:10.923812000+01:00 Missing Newton ROM: mount your 717006 dump at /rom/717006
2026-08-08T01:34:11.289351000+01:00 Missing Newton ROM: mount your 717006 dump at /rom/717006
2026-08-08T01:34:11.619516000+01:00 Missing Newton ROM: mount your 717006 dump at /rom/717006
2026-08-08T01:34:11.975519000+01:00 Missing Newton ROM: mount your 717006 dump at /rom/717006
2026-08-08T01:34:12.327421000+01:00 Missing Newton ROM: mount your 717006 dump at /rom/717006
2026-08-08T01:34:12.666227000+01:00 Missing Newton ROM: mount your 717006 dump at /rom/717006
2026-08-08T01:34:12.991415000+01:00 Missing Newton ROM: mount your 717006 dump at /rom/717006
2026-08-08T01:34:13.329856000+01:00 Missing Newton ROM: mount your 717006 dump at /rom/717006
2026-08-08T01:34:13.663976000+01:00 Missing Newton ROM: mount your 717006 dump at /rom/717006
2026-08-08T01:34:14.002045000+01:00 Missing Newton ROM: mount your 717006 dump at /rom/717006
2026-08-08T01:34:14.351561000+01:00 Missing Newton ROM: mount your 717006 dump at /rom/717006
2026-08-08T01:34:14.691931000+01:00 Missing Newton ROM: mount your 717006 dump at /rom/717006
2026-08-08T01:34:15.032568000+01:00 Missing Newton ROM: mount your 717006 dump at /rom/717006
2026-08-08T01:34:15.388047000+01:00 Missing Newton ROM: mount your 717006 dump at /rom/717006
2026-08-08T01:34:15.742432000+01:00 Missing Newton ROM: mount your 717006 dump at /rom/717006
2026-08-08T01:34:16.094968000+01:00 Missing Newton ROM: mount your 717006 dump at /rom/717006
2026-08-08T01:34:16.428388000+01:00 Missing Newton ROM: mount your 717006 dump at /rom/717006
2026-08-08T01:34:16.770747000+01:00 Missing Newton ROM: mount your 717006 dump at /rom/717006
2026-08-08T01:34:17.106761000+01:00 Missing Newton ROM: mount your 717006 dump at /rom/717006
2026-08-08T01:34:17.441066000+01:00 Missing Newton ROM: mount your 717006 dump at /rom/717006
2026-08-08T01:34:17.779343000+01:00 Missing Newton ROM: mount your 717006 dump at /rom/717006
2026-08-08T01:34:18.118869000+01:00 Missing Newton ROM: mount your 717006 dump at /rom/717006
2026-08-08T01:34:18.461963000+01:00 Missing Newton ROM: mount your 717006 dump at /rom/717006
2026-08-08T01:34:18.808701000+01:00 Missing Newton ROM: mount your 717006 dump at /rom/717006
2026-08-08T01:34:19.158527000+01:00 Missing Newton ROM: mount your 717006 dump at /rom/717006
2026-08-08T01:34:19.486081000+01:00 Missing Newton ROM: mount your 717006 dump at /rom/717006
2026-08-08T01:34:19.845810000+01:00 Missing Newton ROM: mount your 717006 dump at /rom/717006
2026-08-08T01:34:20.166297000+01:00 Missing Newton ROM: mount your 717006 dump at /rom/717006
2026-08-08T01:34:20.526568000+01:00 Missing Newton ROM: mount your 717006 dump at /rom/717006
2026-08-08T01:34:20.870672000+01:00 Missing Newton ROM: mount your 717006 dump at /rom/717006
2026-08-08T01:34:21.214191000+01:00 Missing Newton ROM: mount your 717006 dump at /rom/717006
2026-08-08T01:34:21.545692000+01:00 Missing Newton ROM: mount your 717006 dump at /rom/717006
2026-08-08T01:34:21.873711000+01:00 Missing Newton ROM: mount your 717006 dump at /rom/717006
2026-08-08T01:34:22.210594000+01:00 Missing Newton ROM: mount your 717006 dump at /rom/717006
2026-08-08T01:34:22.534745000+01:00 Missing Newton ROM: mount your 717006 dump at /rom/717006
2026-08-08T01:34:22.859490000+01:00 Missing Newton ROM: mount your 717006 dump at /rom/717006
2026-08-08T01:34:23.210519000+01:00 Missing Newton ROM: mount your 717006 dump at /rom/717006
2026-08-08T01:34:23.548733000+01:00 Missing Newton ROM: mount your 717006 dump at /rom/717006
2026-08-08T01:34:23.876118000+01:00 Missing Newton ROM: mount your 717006 dump at /rom/717006
2026-08-08T01:34:24.204585000+01:00 Missing Newton ROM: mount your 717006 dump at /rom/717006
2026-08-08T01:34:24.535701000+01:00 Missing Newton ROM: mount your 717006 dump at /rom/717006
2026-08-08T01:34:24.873576000+01:00 Missing Newton ROM: mount your 717006 dump at /rom/717006
2026-08-08T01:34:25.216967000+01:00 Missing Newton ROM: mount your 717006 dump at /rom/717006
2026-08-08T01:34:25.579004000+01:00 Missing Newton ROM: mount your 717006 dump at /rom/717006
2026-08-08T01:34:25.915753000+01:00 Missing Newton ROM: mount your 717006 dump at /rom/717006
2026-08-08T01:34:26.257967000+01:00 Missing Newton ROM: mount your 717006 dump at /rom/717006
2026-08-08T01:34:26.613594000+01:00 Missing Newton ROM: mount your 717006 dump at /rom/717006
2026-08-08T01:34:26.966364000+01:00 Missing Newton ROM: mount your 717006 dump at /rom/717006
2026-08-08T01:34:27.358413000+01:00 Missing Newton ROM: mount your 717006 dump at /rom/717006
2026-08-08T01:34:27.688947000+01:00 Missing Newton ROM: mount your 717006 dump at /rom/717006
2026-08-08T01:34:28.071292000+01:00 Missing Newton ROM: mount your 717006 dump at /rom/717006
2026-08-08T01:34:28.411489000+01:00 Missing Newton ROM: mount your 717006 dump at /rom/717006
2026-08-08T01:34:28.728860000+01:00 Missing Newton ROM: mount your 717006 dump at /rom/717006
2026-08-08T01:34:29.114168000+01:00 Missing Newton ROM: mount your 717006 dump at /rom/717006
2026-08-08T01:34:29.450350000+01:00 Missing Newton ROM: mount your 717006 dump at /rom/717006
