make[1]: Entering directory '/home/jbfly/git/newton-harness-worktrees/ef9/examples/harness-loader'
LD_LIBRARY_PATH="/home/jbfly/newton-dev/prefix/lib:${LD_LIBRARY_PATH}" \
	"/home/jbfly/newton-dev/prefix/bin/tntk" -P "/home/jbfly/newton-dev/ntk-platform-files" -c harness-loader.nprj
Reading project file harness-loader.nprj
Reading platform file Newton 2.1
Parts: 1
Building package -Loader1:jbfly
Building part 0
Reading platform file /home/jbfly/newton-dev/ntk-platform-files/Newton 2.1
Compiling Main.newt
Encoding Part 0 13023651...
{
	app: '|-Loader1:jbfly|,
	text: "Loader",
	theForm: {
		_proto: @180,
		viewJustify: 240,
		viewBounds: {
			left: 16,
			top: 72,
			right: -16,
			bottom: -72
		},
		title: "Loader 1.0",
		appSymbol: '|-Loader1:jbfly|,
		defaultKeyboard: 'alphaKeyboard,
		endpointClass: {
			_proto: @383,
			ExceptionHandler: <function, 1 arg(s) #13080de1>
		},
		serverPort: 18081,
		endpoint: NIL,
		linkID: NIL, ...

	}
}
Package harness-loader.pkg created.
make[1]: Leaving directory '/home/jbfly/git/newton-harness-worktrees/ef9/examples/harness-loader'
make[1]: Entering directory '/home/jbfly/git/newton-harness-worktrees/ef9/examples/harness-client'
LD_LIBRARY_PATH="/home/jbfly/newton-dev/prefix/lib:${LD_LIBRARY_PATH}" \
	"/home/jbfly/newton-dev/prefix/bin/tntk" -P "/home/jbfly/newton-dev/ntk-platform-files" -c egg-freckles.nprj
Reading project file egg-freckles.nprj
Reading platform file Newton 2.1
Parts: 1
Building package EggFrecklesEF11:jbfly
Building part 0
Reading platform file /home/jbfly/newton-dev/ntk-platform-files/Newton 2.1
Compiling Main.newt
Encoding Part 0 e6f89bd1...
{
	app: '|EggFrecklesEF11:jbfly|,
	text: "Egg Freckles",
	icon: {
		bits: <Binary, class "bits", length 72>,
		bounds: {
			top: 0,
			left: 0,
			bottom: 14,
			right: 20
		}
	},
	theForm: {
		_proto: @180,
		viewBounds: {
			left: 8,
			top: 26,
			right: 312,
			bottom: 454
		},
		title: "Egg Freckles 1.0-ef11",
		appSymbol: '|EggFrecklesEF11:jbfly|,
		endpointClass: {
			_proto: @383
		},
		endpoint: NIL,
		linkID: NIL,
		capBytes: 6144,
		rowChars: 38,
		visibleRows: 12, ...

	},
	installScript: '<function, 1 arg(s) #e700c0c1>,
	RemoveScript: <function, 1 arg(s) #e6f8ea71>
}
Package egg-freckles.pkg created.
make[1]: Leaving directory '/home/jbfly/git/newton-harness-worktrees/ef9/examples/harness-client'
