"EF13MEM query-before free=297492"
"EF13MEM query-after free=296740"
"EF13MEM soup-data-before free=296240"
"EF13MEM soup-data-after items=200 free=295600"
"EF13MEM collect-before free=294992"
"EF13MEM expand-first-before free=294040"
"EF13MEM expand-first-after free=293236"
"EF13MEM collect-after strokes=400 raw=9000 free=262684"
"EF13MEM encode-before free=261936"
"EF13MEM parts-before free=261364"
"EF13MEM parts-after n=7 free=258736"
"EF13MEM bodies-before free=258212"
"EF13MEM body-1-before free=257572"
"EF13MEM body-1-after bytes=6081 free=74248"
"EF13MEM body-2-before free=73544"
"EF13MEM body-2-after bytes=6137 free=242064"
"EF13MEM body-3-before free=241356"
"EF13MEM body-3-after bytes=6081 free=49772"
"EF13MEM body-4-before free=49068"
"EF13MEM body-4-after bytes=6137 free=70740"
"EF13MEM body-5-before free=70036"
"EF13MEM body-5-after bytes=6677 free=132480"
"EF13MEM body-6-before free=131772"
"EF13MEM body-6-after bytes=6877 free=161956"
"EF13MEM body-7-before free=161248"
"EF13MEM body-7-after bytes=2549 free=121180"
"EF13MEM bodies-after n=7 free=120520"
"EF13MEM encode-after bodies=7 free=119892"
"EF13MEM send-before free=118544"
"EF13MEM send-retained bodies=7 free=117924"
"EF13MEM post-before free=110372"
"EF13MEM post-request-after bytes=6205 free=96100"
