make: Entering directory '/home/jbfly/git/newton-harness/examples/harness-tools-persistent'
LD_LIBRARY_PATH="/home/jbfly/newton-dev/prefix/lib:${LD_LIBRARY_PATH}" \
	"/home/jbfly/newton-dev/prefix/bin/tntk" -P "/home/jbfly/newton-dev/ntk-platform-files" -c harness-tools-persistent.nprj
Reading project file harness-tools-persistent.nprj
Reading platform file Newton 2.1
Parts: 1
Building package HarnessToolsL3:jbfly
Building part 0
Reading platform file /home/jbfly/newton-dev/ntk-platform-files/Newton 2.1
Compiling Main.newt
Encoding Part 0 8fe4caf1...
{
	app: '|HarnessToolsL3:jbfly|,
	text: "Harness Tools L3",
	theForm: {
		_proto: @180,
		viewBounds: {
			left: 205,
			top: 34,
			right: 316,
			bottom: 72
		},
		title: "Harness Tools L3",
		appSymbol: '|HarnessToolsL3:jbfly|,
		endpointClass: {
			_proto: @383
		},
		endpoint: NIL,
		linkID: NIL,
		socketReady: NIL,
		outcomeID: NIL,
		outcomeStatus: NIL, ...

	}
}
Package harness-tools-persistent.pkg created.
make: Leaving directory '/home/jbfly/git/newton-harness/examples/harness-tools-persistent'
