make: Entering directory '/home/jbfly/git/newton-harness/examples/note-export'
rm -f note-export.pkg
LD_LIBRARY_PATH="/home/jbfly/newton-dev/prefix/lib:${LD_LIBRARY_PATH}" \
	"/home/jbfly/newton-dev/prefix/bin/tntk" -P "/home/jbfly/newton-dev/ntk-platform-files" -c note-export.nprj
Reading project file note-export.nprj
Reading platform file Newton 2.1
Parts: 1
Building package NoteExportN13:jbfly
Building part 0
Reading platform file /home/jbfly/newton-dev/ntk-platform-files/Newton 2.1
Compiling Main.newt
Encoding Part 0 45ffb2c1...
{
	app: '|NoteExportN13:jbfly|, 
	text: "Note Ask n13", 
	theForm: {
		_proto: @180, 
		viewBounds: {
			left: 12, 
			top: 100, 
			right: 308, 
			bottom: 300
		}, 
		title: "Note Ask n13", 
		appSymbol: '|NoteExportN13:jbfly|, 
		statusView: NIL, 
		endpointClass: {
			_proto: @383
		}, 
		endpoint: NIL, 
		linkID: NIL, 
		pending: NIL, 
		ViewSetupDoneScript: '<function, 0 arg(s) #46013ca1>, ...
		
	}
}
Package note-export.pkg created.
make: Leaving directory '/home/jbfly/git/newton-harness/examples/note-export'
