Reading project file note-delete.nprj
Reading platform file Newton 2.1
Parts: 1
Building package NoteDeleteN15:jbfly
Building part 0
Reading platform file /home/jbfly/newton-dev/ntk-platform-files/Newton 2.1
Compiling Main.newt
Encoding Part 0 a4583081...
{
	app: '|NoteDeleteN15:jbfly|,
	text: "Delete n15",
	theForm: {
		_proto: @180,
		viewBounds: {
			left: 12,
			top: 100,
			right: 308,
			bottom: 260
		},
		title: "Delete n15",
		appSymbol: '|NoteDeleteN15:jbfly|,
		Delete4: <function, 0 arg(s) #a46dad71>,
		stepChildren: [
			{
				_proto: @218,
				viewBounds: {#a46daf21},
				text: "Delete junk entry 4",
				viewFont: @87
			},
			{
				_proto: @226,
				viewBounds: {#a46c61f1},
				text: "Delete 4",
				buttonClickScript: '<function, 0 arg(s) #a46db031>
			}
		]
	}
}
Package note-delete.pkg created.
