2026-07-26T04:03:01.528 LISTEN b'10.42.0.1:6801; MSG ACK delay=8s'
2026-07-26T04:03:06.256 C> b'~NEWTONCLI 1\r\n'
2026-07-26T04:03:06.261 C> b':00 HELLO NEWTON1 1.9-q5b*0D\r\n'
2026-07-26T04:03:06.261 <S b'ACK 00\r\n'
2026-07-26T04:03:06.261 <S b':00 STAT READY*51\r\n'
2026-07-26T04:03:07.062 C> b'ACK 00\r\n'
2026-07-26T04:03:22.314 C> b':01 MSG keep this draft*36\r\n'
2026-07-26T04:03:22.314 DELAY b'ACK 01 for 8 seconds'
2026-07-26T04:03:30.322 <S b'ACK 01\r\n'
2026-07-26T04:03:30.323 <S b':01 STAT THINKING*39\r\n'
2026-07-26T04:03:30.391 C> b'ACK 01\r\n'
2026-07-26T04:03:30.391 <S b':02 TEXT FAKE REPLY*AA\r\n'
2026-07-26T04:03:30.933 C> b'ACK 02\r\n'
2026-07-26T04:03:30.933 <S b':03 PROMPT*65\r\n'
2026-07-26T04:03:31.475 C> b'ACK 03\r\n'
2026-07-26T04:03:49.714 C> b':02 MSG /new*02\r\n'
2026-07-26T04:03:49.715 DELAY b'ACK 02 for 8 seconds'
2026-07-26T04:03:57.723 <S b'ACK 02\r\n'
2026-07-26T04:03:57.723 <S b':04 STAT READY*55\r\n'
2026-07-26T04:03:57.789 C> b'ACK 04\r\n'
2026-07-26T04:03:57.789 <S b':05 TEXT New session.*66\r\n'
2026-07-26T04:03:58.330 C> b'ACK 05\r\n'
2026-07-26T04:03:58.330 <S b':06 PROMPT*68\r\n'
2026-07-26T04:03:58.873 C> b'ACK 06\r\n'
