LD_LIBRARY_PATH="/home/jbfly/newton-dev/prefix/lib:${LD_LIBRARY_PATH}" \
	"/home/jbfly/newton-dev/prefix/bin/tntk" -P "/home/jbfly/newton-dev/ntk-platform-files" -c harness-tools.nprj
Reading project file harness-tools.nprj
Reading platform file Newton 2.1
Parts: 1
Building package HarnessToolsR10D:jbfly
Building part 0
Reading platform file /home/jbfly/newton-dev/ntk-platform-files/Newton 2.1
Compiling Main.newt
Encoding Part 0 51fc46a1...
{
	app: '|HarnessToolsR10D:jbfly|,
	text: "Harness Tools R10D",
	theForm: {
		_proto: @180,
		viewBounds: {
			left: 220,
			top: 34,
			right: 316,
			bottom: 72
		},
		title: "Harness Tools R10D",
		appSymbol: '|HarnessToolsR10D:jbfly|,
		endpointClass: {
			_proto: @383
		},
		endpoint: NIL,
		linkID: NIL,
		socketReady: NIL,
		missedHeartbeats: 0,
		outcomeID: NIL, ...

	}
}
Package harness-tools.pkg created.
