2026-07-26T08:15:20.243+00:00 LISTEN '10.42.0.1:6801 -> 127.0.0.1:6802'
2026-07-26T08:15:34.593+00:00 ACCEPT ('10.42.0.1', 33072)
2026-07-26T08:15:34.878+00:00 C> b'~NEWTONCLI 1\r\n'
2026-07-26T08:15:34.882+00:00 C> b':00 HELLO NEWTON1 1.9*D8\r\n'
2026-07-26T08:15:34.882+00:00 <S b'ACK 00\r\n'
2026-07-26T08:15:34.883+00:00 <S b':00 STAT READY*51\r\n'
2026-07-26T08:15:35.685+00:00 C> b'ACK 00\r\n'
2026-07-26T08:15:48.598+00:00 C> b':01 MSG /new*01\r\n'
2026-07-26T08:15:48.598+00:00 <S b'ACK 01\r\n'
2026-07-26T08:15:48.599+00:00 <S b':01 STAT READY*52\r\n'
2026-07-26T08:15:48.977+00:00 C> b'ACK 01\r\n'
2026-07-26T08:15:48.978+00:00 <S b':02 TEXT New session.*63\r\n'
2026-07-26T08:15:49.519+00:00 C> b'ACK 02\r\n'
2026-07-26T08:15:49.519+00:00 <S b':03 PROMPT*65\r\n'
2026-07-26T08:15:50.061+00:00 C> b'ACK 03\r\n'
2026-07-26T08:15:53.601+00:00 C> b':02 MSG what is two plus two*11\r\n'
2026-07-26T08:15:53.601+00:00 <S b'ACK 02\r\n'
2026-07-26T08:15:53.602+00:00 <S b':04 STAT THINKING*3C\r\n'
2026-07-26T08:15:53.996+00:00 C> b'ACK 04\r\n'
2026-07-26T08:15:58.357+00:00 <S b':05 TEXT Four.*B4\r\n'
2026-07-26T08:15:58.470+00:00 C> b'ACK 05\r\n'
2026-07-26T08:15:58.470+00:00 <S b':06 PROMPT*68\r\n'
2026-07-26T08:15:59.013+00:00 C> b'ACK 06\r\n'
2026-07-26T08:16:47.659+00:00 C> b':03 MSG 2 plus 2*F2\r\n'
2026-07-26T08:16:47.660+00:00 <S b'ACK 03\r\n'
2026-07-26T08:16:47.660+00:00 <S b':07 STAT THINKING*3F\r\n'
2026-07-26T08:16:47.979+00:00 C> b'ACK 07\r\n'
2026-07-26T08:16:53.537+00:00 <S b':08 TEXT 4*21\r\n'
2026-07-26T08:16:53.674+00:00 C> b'ACK 08\r\n'
2026-07-26T08:16:53.674+00:00 <S b':09 PROMPT*6B\r\n'
2026-07-26T08:16:54.216+00:00 C> b'ACK 09\r\n'
