make: Entering directory '/home/jbfly/git/newton-harness/examples/harness-loader'
rm -f harness-loader.pkg
LD_LIBRARY_PATH="/home/jbfly/newton-dev/prefix/lib:${LD_LIBRARY_PATH}" \
	"/home/jbfly/newton-dev/prefix/bin/tntk" -P "/home/jbfly/newton-dev/ntk-platform-files" -c harness-loader.nprj
Reading project file harness-loader.nprj
Reading platform file Newton 2.1
Parts: 1
Building package -HarnessLoaderR14F:jbfly
Building part 0
Reading platform file /home/jbfly/newton-dev/ntk-platform-files/Newton 2.1
Compiling Main.newt
Encoding Part 0 abd68471...
{
	app: '|-HarnessLoaderR14F:jbfly|,
	text: "- R14F Loader 1.1-r14f",
	theForm: {
		_proto: @180,
		viewJustify: 240,
		viewBounds: {
			left: 16,
			top: 72,
			right: -16,
			bottom: -72
		},
		title: "- R14F Loader 1.1-r14f",
		appSymbol: '|-HarnessLoaderR14F:jbfly|,
		endpointClass: {
			_proto: @383
		},
		endpoint: NIL,
		linkID: NIL,
		resultView: NIL,
		attempt: 0, ...

	}
}
Package harness-loader.pkg created.
test -s harness-loader.pkg
make: Leaving directory '/home/jbfly/git/newton-harness/examples/harness-loader'
