make: Entering directory '/home/jbfly/git/newton-harness/examples/harness-loader'
LD_LIBRARY_PATH="/home/jbfly/newton-dev/prefix/lib:${LD_LIBRARY_PATH}" \
	"/home/jbfly/newton-dev/prefix/bin/tntk" -P "/home/jbfly/newton-dev/ntk-platform-files" -c harness-loader.nprj
Reading project file harness-loader.nprj
Reading platform file Newton 2.1
Parts: 1
Building package -HarnessLoaderR11A:jbfly
Building part 0
Reading platform file /home/jbfly/newton-dev/ntk-platform-files/Newton 2.1
Compiling Main.newt
Encoding Part 0 8d4d9441...
{
	app: '|-HarnessLoaderR11A:jbfly|,
	text: "- R11A Loader 1.1-r11a",
	theForm: {
		_proto: @180,
		viewJustify: 240,
		viewBounds: {
			left: 16,
			top: 72,
			right: -16,
			bottom: -72
		},
		title: "- R11A Loader 1.1-r11a",
		appSymbol: '|-HarnessLoaderR11A:jbfly|,
		endpointClass: {
			_proto: @383
		},
		endpoint: NIL,
		linkID: NIL,
		resultView: NIL,
		attempt: 0, ...

	}
}
Package harness-loader.pkg created.
make: Leaving directory '/home/jbfly/git/newton-harness/examples/harness-loader'
