make: Entering directory '<worktree>/examples/harness-client'
LD_LIBRARY_PATH="<toolchain>/prefix/lib:${LD_LIBRARY_PATH}" \
	"<toolchain>/prefix/bin/tntk" -P "<toolchain>/ntk-platform-files" -c egg-freckles.nprj
Reading project file egg-freckles.nprj
Reading platform file Newton 2.1
Parts: 1
Building package EggFrecklesEF23:jbfly
Building part 0
Reading platform file <toolchain>/ntk-platform-files/Newton 2.1
Compiling Main.newt
Encoding Part 0 c5bb1ec1...
{
	app: '|EggFrecklesEF23:jbfly|, 
	text: "Egg Freckles", 
	icon: {
		bits: <Binary, class "bits", length 72>, 
		bounds: {
			top: 0, 
			left: 0, 
			bottom: 14, 
			right: 20
		}
	}, 
	theForm: {
		_proto: @157, 
		viewBounds: {
			left: 0, 
			top: 0, 
			right: 320, 
			bottom: 480
		}, 
		title: "Egg Freckles 1.0-ef23", 
		appSymbol: '|EggFrecklesEF23:jbfly|, 
		endpointClass: {
			_proto: @383
		}, 
		endpoint: NIL, 
		linkID: NIL, 
		capBytes: 6144, 
		rowChars: 38, 
		visibleRows: 12, ...
		
	}, 
	installScript: '<function, 1 arg(s) #c5d96ac1>, 
	RemoveScript: <function, 1 arg(s) #c5bfa271>
}
Package egg-freckles.pkg created.
make: Leaving directory '<worktree>/examples/harness-client'
